// Jest Snapshot v1, https://goo.gl/fbAQLP

exports[`TextField renders correctly 1`] = `
<div
  className="uk-margin"
>
  <div
    className="uk-inline uk-width-1-1"
  >
    <span
      className="uk-form-icon uk-form-icon-flip"
      data-uk-icon=""
    />
    <input
      className="uk-input uk-form-large"
      required={false}
    />
  </div>
</div>
`;
